// Jest Snapshot v1, https://goo.gl/fbAQLP

exports[`should render profile component correctly 1`] = `ShallowWrapper {}`;
