// Jest Snapshot v1, https://goo.gl/fbAQLP

exports[`should render Timeslots component correctly 1`] = `ShallowWrapper {}`;
